npx : - Generating browser application bundles (phase: 
setup)...
Au caractère Ligne:1 : 1
+ npx ng build 2>&1 > 
g:\Téléchargement\sGRC\grc-platform\frontend\buil ...
+ ~~~~~~~~~~~~~~~~~~~~~~~~~~~~~~~~~~~~~~~~~~~~~~~~~~~~~~~~
~~~~~~~~~~~~~
    + CategoryInfo          : NotSpecified: (- Generating 
    br...hase: setup)...:String) [], RemoteException
    + FullyQualifiedErrorId : NativeCommandError
 
Ô£ö Browser application bundle generation complete.
- Generating ES5 bundles for differential loading...
Ô£ö Browser application bundle generation complete.
Ô£ö ES5 bundle generation complete.
- Copying assets...
Ô£ö Copying assets complete.
- Generating index html...
Ô£ö Index html generation complete.

Initial Chunk Files | Names                |      Size
main-es5.js         | main                 |   1.88 MB
main-es2015.js      | main                 |   1.81 MB
polyfills-es5.js    | polyfills-es5        | 129.78 kB
polyfills-es2015.js | polyfills            |  33.00 kB
runtime-es2015.js   | runtime              |   3.26 kB
runtime-es5.js      | runtime              |   3.26 kB
styles.css          | styles               |   2.22 kB

| Initial ES5 Total    |   2.01 MB
| Initial ES2015 Total |   1.85 MB

Lazy Chunk Files    | Names                |      Size
213-es2015.js       | -                    | 196.27 kB
213-es5.js          | -                    | 196.24 kB
75-es5.js           | -                    | 161.91 kB
75-es2015.js        | -                    | 143.97 kB
680-es5.js          | -                    |  24.95 kB
680-es2015.js       | -                    |  22.44 kB

Build at: 2026-03-21T23:51:23.494Z - Hash: c2d1d17b09eb59df947b - Time: 214960ms

Warning: G:\T├®l├®chargement\sGRC\grc-platform\frontend\no
de_modules\canvg\lib\index.es.js depends on 
'core-js/modules/es.array.reverse.js'. CommonJS or AMD 
dependencies can cause optimization bailouts.
For more info see: https://angular.io/guide/build#configur
ing-commonjs-dependencies

Warning: G:\T├®l├®chargement\sGRC\grc-platform\frontend\no
de_modules\canvg\lib\index.es.js depends on 'raf'. 
CommonJS or AMD dependencies can cause optimization 
bailouts.
For more info see: https://angular.io/guide/build#configur
ing-commonjs-dependencies


